players 2
..................................................
...1....................1................1........
...........................1......................
.......1..........................................
................1111...........111111......1......
...............112211.........11222211............
..............12222211........1222221.............
.........F...1122222211........11111...F..........
.............112222211............................
.......1......11121111...................1........
......121......1111.................1...121.......
......111...............F.....1.........111.......
......111...............................111.......
......121............21111.......1......121.......
......121....1.1.....121112.............121.......
......111.............12121.............111.......
.a.....1.......1.....1112111.........1...1......g.
da.....1.....1........12121.......1......1......eh
.b.....1..............211.2..............1......e.
......111........1...2.111.2............111.......
......111............2.11122...1........111.......
......121..................11........1..121.......
......121....111........................121.......
......111......11.......F..........1....111.......
......121......111......................111.......
.......1........11............1111.......1........
.............................1122211..............
...1.....F................1112222211...F..........
.........................1121222111...............
..........................1112211........1........
...........11111....1.......11211.................
..........222222.............111........1.1.......
....1.....11111.......1...........................
............................................1.....
..................................................
..................................................